mzbvdz
ndvbd
